// Jest Snapshot v1, https://goo.gl/fbAQLP

exports[`icon should be div 1`] = `
<div
  className="boat-button"
  name="share"
/>
`;
