// Jest Snapshot v1, https://goo.gl/fbAQLP

exports[`button should be div  1`] = `
<div>
  Button
</div>
`;
