// Jest Snapshot v1, https://goo.gl/fbAQLP

exports[`icon should be svg 1`] = `
<svg
  className="boat-icon"
>
  <use
    xlinkHref="#share"
  />
</svg>
`;
